../Core/Src/bootloader.c:41:6:bootloader_send_ack	24	static
../Core/Src/bootloader.c:50:6:bootloader_send_nack	16	static
../Core/Src/bootloader.c:57:9:bootloader_verify_crc	40	static
../Core/Src/bootloader.c:81:9:get_bootloader_version	4	static
../Core/Src/bootloader.c:87:10:get_mcu_chip_id	16	static
../Core/Src/bootloader.c:99:9:get_flash_rdp_level	40	static
../Core/Src/bootloader.c:116:9:verify_address	16	static
../Core/Src/bootloader.c:153:9:execute_flash_erase	48	static
../Core/Src/bootloader.c:210:9:execute_mem_write	40	static
../Core/Src/bootloader.c:234:9:execute_mem_read	40	static
../Core/Src/bootloader.c:263:9:configure_flash_sector_rw_protection	24	static
../Core/Src/bootloader.c:357:10:read_flash_sector_rw_protection	16	static
../Core/Src/bootloader.c:390:6:bootloader_uart_write_data	16	static
../Core/Src/bootloader.c:396:6:printmsg	96	static
../Core/Src/bootloader.c:411:6:bootloader_uart_read_data	16	static
../Core/Src/bootloader.c:476:6:bootloader_handle_getver_cmd	32	static
../Core/Src/bootloader.c:506:6:bootloader_handle_gethelp_cmd	24	static
../Core/Src/bootloader.c:529:6:bootloader_handle_getcid_cmd	32	static
../Core/Src/bootloader.c:554:6:bootloader_handle_getrdp_cmd	32	static
../Core/Src/bootloader.c:579:6:bootloader_handle_go_cmd	40	static
../Core/Src/bootloader.c:638:6:bootloader_handle_flash_erase_cmd	32	static
../Core/Src/bootloader.c:673:6:bootloader_handle_mem_write_cmd	40	static
../Core/Src/bootloader.c:731:6:bootloader_handle_endis_rw_protect_cmd	32	static
../Core/Src/bootloader.c:760:6:bootloader_handle_mem_read_cmd	40	static
../Core/Src/bootloader.c:814:6:bootloader_handle_read_sector_status_cmd	32	static
../Core/Src/bootloader.c:844:6:bootloader_handle_otp_read_cmd	16	static
../Core/Src/bootloader.c:849:6:bootloader_handle_dis_r_w_protect_cmd	32	static
../Core/Src/bootloader.c:879:6:bootloader_jump_to_user_app	24	static,ignoring_inline_asm
