../Core/Src/main.c:87:5:main	8	static
../Core/Src/main.c:150:6:SystemClock_Config	88	static
../Core/Src/main.c:197:13:MX_CRC_Init	8	static
../Core/Src/main.c:223:13:MX_USART1_UART_Init	8	static
../Core/Src/main.c:256:13:MX_USART2_UART_Init	8	static
../Core/Src/main.c:289:13:MX_GPIO_Init	48	static
../Core/Src/main.c:320:6:bootloader_send_ack	24	static
../Core/Src/main.c:329:6:bootloader_send_nack	16	static
../Core/Src/main.c:336:9:bootloader_verify_crc	40	static
../Core/Src/main.c:360:9:get_bootloader_version	4	static
../Core/Src/main.c:366:10:get_mcu_chip_id	16	static
../Core/Src/main.c:379:6:bootloader_uart_write_data	16	static
../Core/Src/main.c:385:6:printmsg	96	static
../Core/Src/main.c:400:6:bootloader_uart_read_data	16	static
../Core/Src/main.c:465:6:bootloader_handle_getver_cmd	32	static
../Core/Src/main.c:495:6:bootloader_handle_gethelp_cmd	24	static
../Core/Src/main.c:518:6:bootloader_handle_getcid_cmd	32	static
../Core/Src/main.c:543:6:bootloader_handle_getrdp_cmd	16	static
../Core/Src/main.c:548:6:bootloader_handle_go_cmd	16	static
../Core/Src/main.c:553:6:bootloader_handle_flash_erase_cmd	16	static
../Core/Src/main.c:558:6:bootloader_handle_mem_write_cmd	16	static
../Core/Src/main.c:563:6:bootloader_handle_endis_rw_protect_cmd	16	static
../Core/Src/main.c:568:6:bootloader_handle_mem_read_cmd	16	static
../Core/Src/main.c:573:6:bootloader_handle_read_sector_status_cmd	16	static
../Core/Src/main.c:578:6:bootloader_handle_otp_read_cmd	16	static
../Core/Src/main.c:583:6:bootloader_handle_dis_r_w_protect_cmd	16	static
../Core/Src/main.c:589:6:bootloader_jump_to_user_app	24	static,ignoring_inline_asm
../Core/Src/main.c:625:6:Error_Handler	4	static,ignoring_inline_asm
